// Jest Snapshot v1, https://goo.gl/fbAQLP

exports[`darkTheme values remain unchanged 1`] = `
Object {
  "colors": Object {
    "background100": "#2F3638",
    "background200": "#2D3032",
    "background300": "#222729",
    "background400": "#384042",
    "background500": "#3f4547",
    "backgroundDark": "#181A1B",
    "backgroundLight": "#FFFFFF",
    "error": "#c20000",
    "errorAccent": "#800000",
    "errorBackground": "#5c0000",
    "keyline": "#191d1f",
    "link": "#00aceb",
    "primary": "#007ba8",
    "primaryAccent": "#074a64",
    "primaryBackground": "#042e3e",
    "success": "#348113",
    "successAccent": "#204f0c",
    "successBackground": "#173a09",
    "text": "#F5FAFC",
    "textDisabled": "#999fa3",
    "textInverse": "#181A1B",
    "textMeta": "#aeb4b5",
    "warning": "#cc4100",
    "warningAccent": "#7a2700",
    "warningBackground": "#5c1d00",
  },
}
`;
